2025-02-10 17:01:13,694 - DEBUG - logger is online
2025-02-10 17:01:13,696 - DEBUG - flask server start!
2025-02-10 17:01:13,747 - INFO - [31m[1mWARNING: This is a development server. Do not use it in a production deployment. Use a production WSGI server instead.[0m
 * Running on all addresses (0.0.0.0)
 * Running on http://127.0.0.1:5501
 * Running on http://172.16.1.131:5501
2025-02-10 17:01:13,747 - INFO - [33mPress CTRL+C to quit[0m
2025-02-10 17:01:13,748 - INFO -  * Restarting with stat
2025-02-10 17:01:14,175 - DEBUG - logger is online
2025-02-10 17:01:14,177 - DEBUG - flask server start!
2025-02-10 17:01:14,188 - WARNING -  * Debugger is active!
2025-02-10 17:01:14,192 - INFO -  * Debugger PIN: 332-837-318
2025-02-10 17:02:09,767 - INFO - App context initialized
2025-02-10 17:02:09,769 - DEBUG - Websocket 연결 성공
2025-02-10 17:02:12,546 - INFO - App context initialized
2025-02-10 17:02:12,548 - DEBUG - Websocket 연결 성공
2025-02-10 17:03:10,177 - ERROR - {"status": "error", "message": "ConnectionClosed - Connection closed: 1001 "}
2025-02-10 17:03:10,178 - DEBUG - WebSocket connection closed.
2025-02-10 17:03:10,178 - INFO - 127.0.0.1 - - [10/Feb/2025 17:03:10] "GET /ws HTTP/1.1" 200 -
2025-02-10 17:03:10,554 - INFO - App context initialized
2025-02-10 17:03:10,554 - DEBUG - Websocket 연결 성공
2025-02-10 17:03:10,712 - ERROR - {"status": "error", "message": "ConnectionClosed - Connection closed: 1001 "}
2025-02-10 17:03:10,712 - DEBUG - WebSocket connection closed.
2025-02-10 17:03:10,712 - INFO - 127.0.0.1 - - [10/Feb/2025 17:03:10] "GET /ws HTTP/1.1" 200 -
2025-02-10 17:03:11,314 - INFO - App context initialized
2025-02-10 17:03:11,315 - DEBUG - Websocket 연결 성공
2025-02-10 17:03:12,098 - ERROR - {"status": "error", "message": "ConnectionClosed - Connection closed: 1001 "}
2025-02-10 17:03:12,098 - DEBUG - WebSocket connection closed.
2025-02-10 17:03:12,098 - INFO - 127.0.0.1 - - [10/Feb/2025 17:03:12] "GET /ws HTTP/1.1" 200 -
2025-02-10 17:03:12,835 - INFO - App context initialized
2025-02-10 17:03:12,835 - DEBUG - Websocket 연결 성공
2025-02-10 17:04:40,056 - ERROR - {"status": "error", "message": "ConnectionClosed - Connection closed: 1001 "}
2025-02-10 17:04:40,056 - DEBUG - WebSocket connection closed.
2025-02-10 17:04:40,057 - INFO - 127.0.0.1 - - [10/Feb/2025 17:04:40] "GET /ws HTTP/1.1" 200 -
2025-02-10 17:04:40,391 - INFO - App context initialized
2025-02-10 17:04:40,392 - DEBUG - Websocket 연결 성공
2025-02-10 17:35:33,680 - DEBUG - logger is online
2025-02-10 17:35:33,681 - DEBUG - flask server start!
2025-02-10 17:35:33,697 - INFO - [31m[1mWARNING: This is a development server. Do not use it in a production deployment. Use a production WSGI server instead.[0m
 * Running on all addresses (0.0.0.0)
 * Running on http://127.0.0.1:5501
 * Running on http://172.16.1.131:5501
2025-02-10 17:35:33,698 - INFO - [33mPress CTRL+C to quit[0m
2025-02-10 17:35:33,698 - INFO -  * Restarting with stat
2025-02-10 17:35:34,086 - DEBUG - logger is online
2025-02-10 17:35:34,087 - DEBUG - flask server start!
2025-02-10 17:35:34,097 - WARNING -  * Debugger is active!
2025-02-10 17:35:34,098 - INFO -  * Debugger PIN: 332-837-318
2025-02-10 17:35:36,210 - INFO - App context initialized
2025-02-10 17:35:36,211 - INFO - 127.0.0.1 - - [10/Feb/2025 17:35:36] "[33mGET /index.html HTTP/1.1[0m" 404 -
2025-02-10 17:35:43,581 - INFO - App context initialized
2025-02-10 17:35:43,582 - DEBUG - Websocket 연결 성공
2025-02-10 17:35:47,336 - ERROR - {"status": "error", "message": "ConnectionClosed - Connection closed: 1001 "}
2025-02-10 17:35:47,336 - DEBUG - WebSocket connection closed.
2025-02-10 17:35:47,336 - INFO - 127.0.0.1 - - [10/Feb/2025 17:35:47] "GET /ws HTTP/1.1" 200 -
2025-02-10 17:35:47,662 - INFO - App context initialized
2025-02-10 17:35:47,664 - DEBUG - Websocket 연결 성공
2025-02-10 17:35:50,442 - ERROR - {"status": "error", "message": "ConnectionClosed - Connection closed: 1001 "}
2025-02-10 17:35:50,442 - DEBUG - WebSocket connection closed.
2025-02-10 17:35:50,442 - INFO - 127.0.0.1 - - [10/Feb/2025 17:35:50] "GET /ws HTTP/1.1" 200 -
2025-02-10 17:35:53,492 - INFO - App context initialized
2025-02-10 17:35:53,493 - DEBUG - Websocket 연결 성공
2025-02-10 17:37:42,931 - ERROR - {"status": "error", "message": "ConnectionClosed - Connection closed: 1001 "}
2025-02-10 17:37:42,931 - DEBUG - WebSocket connection closed.
2025-02-10 17:37:42,931 - INFO - 127.0.0.1 - - [10/Feb/2025 17:37:42] "GET /ws HTTP/1.1" 200 -
2025-02-10 17:37:43,666 - INFO - App context initialized
2025-02-10 17:37:43,667 - DEBUG - Websocket 연결 성공
2025-02-10 17:38:22,455 - ERROR - {"status": "error", "message": "ConnectionClosed - Connection closed: 1001 "}
2025-02-10 17:38:22,455 - DEBUG - WebSocket connection closed.
2025-02-10 17:38:22,455 - INFO - 127.0.0.1 - - [10/Feb/2025 17:38:22] "GET /ws HTTP/1.1" 200 -
2025-02-10 17:38:23,175 - INFO - App context initialized
2025-02-10 17:38:23,177 - DEBUG - Websocket 연결 성공
2025-02-10 17:39:37,400 - ERROR - {"status": "error", "message": "ConnectionClosed - Connection closed: 1001 "}
2025-02-10 17:39:37,400 - DEBUG - WebSocket connection closed.
2025-02-10 17:39:37,401 - INFO - 127.0.0.1 - - [10/Feb/2025 17:39:37] "GET /ws HTTP/1.1" 200 -
2025-02-10 17:39:38,094 - INFO - App context initialized
2025-02-10 17:39:38,095 - DEBUG - Websocket 연결 성공
2025-02-10 17:41:46,520 - ERROR - {"status": "error", "message": "ConnectionClosed - Connection closed: 1001 "}
2025-02-10 17:41:46,520 - DEBUG - WebSocket connection closed.
2025-02-10 17:41:46,521 - INFO - 127.0.0.1 - - [10/Feb/2025 17:41:46] "GET /ws HTTP/1.1" 200 -
2025-02-10 17:41:47,254 - INFO - App context initialized
2025-02-10 17:41:47,255 - DEBUG - Websocket 연결 성공
2025-02-10 17:42:10,450 - ERROR - {"status": "error", "message": "ConnectionClosed - Connection closed: 1001 "}
2025-02-10 17:42:10,450 - DEBUG - WebSocket connection closed.
2025-02-10 17:42:10,450 - INFO - 127.0.0.1 - - [10/Feb/2025 17:42:10] "GET /ws HTTP/1.1" 200 -
2025-02-10 17:42:11,186 - INFO - App context initialized
2025-02-10 17:42:11,187 - DEBUG - Websocket 연결 성공
2025-02-10 17:42:24,376 - ERROR - {"status": "error", "message": "ConnectionClosed - Connection closed: 1001 "}
2025-02-10 17:42:24,376 - DEBUG - WebSocket connection closed.
2025-02-10 17:42:24,376 - INFO - 127.0.0.1 - - [10/Feb/2025 17:42:24] "GET /ws HTTP/1.1" 200 -
2025-02-10 17:42:25,112 - INFO - App context initialized
2025-02-10 17:42:25,114 - DEBUG - Websocket 연결 성공
2025-02-10 17:43:50,602 - ERROR - {"status": "error", "message": "ConnectionClosed - Connection closed: 1001 "}
2025-02-10 17:43:50,602 - DEBUG - WebSocket connection closed.
2025-02-10 17:43:50,602 - INFO - 127.0.0.1 - - [10/Feb/2025 17:43:50] "GET /ws HTTP/1.1" 200 -
